// Jest Snapshot v1, https://goo.gl/fbAQLP

exports[`rendu correct 1`] = `
<div>
  <div
    class="containerLogin"
  >
    <div
      class="loginDiv"
    >
      <div
        class="divIconLogin"
      >
        <img
          id="iconArtisanLogin"
          src="test-file-stub"
        />
      </div>
      <h2>
        Connectez-vous et profitez de nos fonctionnalités
      </h2>
      <div
        class="inputLoginDiv"
      >
        <input
          placeholder="Email"
          type="email"
          value=""
        />
        <br />
        <input
          placeholder="Mot de passe"
          type="password"
          value=""
        />
      </div>
      <div
        class="checkboxLoginDiv"
      >
        <input
          id="rememberMe"
          type="checkbox"
        />
        <label
          for="rememberMe"
        >
          Se souvenir de moi
        </label>
      </div>
      <p>
        <a
          href="/"
          id="mdpOublie"
        >
          Mot de passe oublié ?
        </a>
      </p>
      <button
        class="buttonLogin"
        disabled=""
      >
        Se connecter
        <span>
          <svg
            fill="currentColor"
            height="1em"
            stroke="currentColor"
            stroke-width="0"
            viewBox="0 0 448 512"
            width="1em"
            xmlns="http://www.w3.org/2000/svg"
          >
            <path
              d="M438.6 278.6c12.5-12.5 12.5-32.8 0-45.3l-160-160c-12.5-12.5-32.8-12.5-45.3 0s-12.5 32.8 0 45.3L338.8 224 32 224c-17.7 0-32 14.3-32 32s14.3 32 32 32l306.7 0L233.4 393.4c-12.5 12.5-12.5 32.8 0 45.3s32.8 12.5 45.3 0l160-160z"
            />
          </svg>
        </span>
      </button>
    </div>
  </div>
</div>
`;
